hduser@ubuntu:~$ start-all/sh
bash: start-all/sh: No such file or directory
hduser@ubuntu:~$ start-all.sh
This script is Deprecated. Instead use start-dfs.sh and start-yarn.sh
21/06/13 16:34:09 WARN util.NativeCodeLoader: Unable to load native-hadoop library for your platform... using builtin-java classes where applicable
Starting namenodes on [localhost]
hduser@localhost's password: 
localhost: starting namenode, logging to /usr/local/hadoop/logs/hadoop-hduser-namenode-ubuntu.out
hduser@localhost's password: 
localhost: starting datanode, logging to /usr/local/hadoop/logs/hadoop-hduser-datanode-ubuntu.out
Starting secondary namenodes [0.0.0.0]
hduser@0.0.0.0's password: 
0.0.0.0: starting secondarynamenode, logging to /usr/local/hadoop/logs/hadoop-hduser-secondarynamenode-ubuntu.out
21/06/13 16:38:17 WARN util.NativeCodeLoader: Unable to load native-hadoop library for your platform... using builtin-java classes where applicable
starting yarn daemons
starting resourcemanager, logging to /usr/local/hadoop/logs/yarn-hduser-resourcemanager-ubuntu.out
hduser@localhost's password: 
localhost: starting nodemanager, logging to /usr/local/hadoop/logs/yarn-hduser-nodemanager-ubuntu.out
hduser@ubuntu:~$ jps
15008 ResourceManager
15458 Jps
15155 NodeManager
14820 SecondaryNameNode
14484 NameNode
14613 DataNode
12614 org.eclipse.equinox.launcher_1.5.600.v20191014-2022.jar
12890 org.eclipse.equinox.launcher_1.5.600.v20191014-2022.jar
hduser@ubuntu:~$ hdfs dfs -mkdir /posts
21/06/13 16:43:10 WARN util.NativeCodeLoader: Unable to load native-hadoop library for your platform... using builtin-java classes where applicable
hduser@ubuntu:~$ hdfs dfs -put /home/gagan/sampleposts.tsv  /posts
21/06/13 16:45:44 WARN util.NativeCodeLoader: Unable to load native-hadoop library for your platform... using builtin-java classes where applicable
put: `/home/gagan/sampleposts.tsv': No such file or directory
hduser@ubuntu:~$ hdfs dfs -put /home/Downloads/sampleposts.tsv  /posts
21/06/13 16:47:27 WARN util.NativeCodeLoader: Unable to load native-hadoop library for your platform... using builtin-java classes where applicable
put: `/home/Downloads/sampleposts.tsv': No such file or directory
hduser@ubuntu:~$ hdfs dfs -mkdir /users
21/06/13 16:48:22 WARN util.NativeCodeLoader: Unable to load native-hadoop library for your platform... using builtin-java classes where applicable
hduser@ubuntu:~$ hdfs dfs -put /home/hduser/Downloads/sampleposts.tsv  /posts
21/06/13 16:49:26 WARN util.NativeCodeLoader: Unable to load native-hadoop library for your platform... using builtin-java classes where applicable
hduser@ubuntu:~$ hdfs dfs -put /home/hduser/Downloads/sampleusers.tsv /users
21/06/13 16:50:08 WARN util.NativeCodeLoader: Unable to load native-hadoop library for your platform... using builtin-java classes where applicable
hduser@ubuntu:~$ hadoop jar /home/hduser/Desktop/join.jar /posts /users /output


































Not a valid JAR: /home/hduser/Desktop/join.jar
hduser@ubuntu:~$ 
hduser@ubuntu:~$ 
hduser@ubuntu:~$ 
hduser@ubuntu:~$ 
hduser@ubuntu:~$ 
hduser@ubuntu:~$ 
hduser@ubuntu:~$ 
hduser@ubuntu:~$ 
hduser@ubuntu:~$ 
hduser@ubuntu:~$ 
hduser@ubuntu:~$ 
hduser@ubuntu:~$ 
hduser@ubuntu:~$ 
hduser@ubuntu:~$ 
hduser@ubuntu:~$ 
hduser@ubuntu:~$ 
hduser@ubuntu:~$ 
hduser@ubuntu:~$ 
hduser@ubuntu:~$ 
hduser@ubuntu:~$ 
hduser@ubuntu:~$ 
hduser@ubuntu:~$ 
hduser@ubuntu:~$ 
hduser@ubuntu:~$ 
hduser@ubuntu:~$ 
hduser@ubuntu:~$ 
hduser@ubuntu:~$ 
hduser@ubuntu:~$ 
hduser@ubuntu:~$ 
hduser@ubuntu:~$ 
hduser@ubuntu:~$ 
hduser@ubuntu:~$ 
hduser@ubuntu:~$ 
hduser@ubuntu:~$ 
hduser@ubuntu:~$ hadoop jar /home/Desktop/join.jar /posts /users /output
Not a valid JAR: /home/Desktop/join.jar
hduser@ubuntu:~$ hadoop jar /home/Desktop/Join.jar /posts /users /output
Not a valid JAR: /home/Desktop/Join.jar
hduser@ubuntu:~$ hadoop jar /home/hduser/Desktop/Join.jar /posts /users /output
21/06/13 16:53:55 WARN util.NativeCodeLoader: Unable to load native-hadoop library for your platform... using builtin-java classes where applicable
21/06/13 16:53:56 INFO Configuration.deprecation: session.id is deprecated. Instead, use dfs.metrics.session-id
21/06/13 16:53:56 INFO jvm.JvmMetrics: Initializing JVM Metrics with processName=JobTracker, sessionId=
21/06/13 16:53:57 INFO jvm.JvmMetrics: Cannot initialize JVM Metrics with processName=JobTracker, sessionId= - already initialized
Exception in thread "main" org.apache.hadoop.mapred.FileAlreadyExistsException: Output directory hdfs://localhost:54310/output already exists
	at org.apache.hadoop.mapred.FileOutputFormat.checkOutputSpecs(FileOutputFormat.java:132)
	at org.apache.hadoop.mapreduce.JobSubmitter.checkSpecs(JobSubmitter.java:564)
	at org.apache.hadoop.mapreduce.JobSubmitter.submitJobInternal(JobSubmitter.java:432)
	at org.apache.hadoop.mapreduce.Job$10.run(Job.java:1296)
	at org.apache.hadoop.mapreduce.Job$10.run(Job.java:1293)
	at java.security.AccessController.doPrivileged(Native Method)
	at javax.security.auth.Subject.doAs(Subject.java:422)
	at org.apache.hadoop.security.UserGroupInformation.doAs(UserGroupInformation.java:1628)
	at org.apache.hadoop.mapreduce.Job.submit(Job.java:1293)
	at org.apache.hadoop.mapred.JobClient$1.run(JobClient.java:562)
	at org.apache.hadoop.mapred.JobClient$1.run(JobClient.java:557)
	at java.security.AccessController.doPrivileged(Native Method)
	at javax.security.auth.Subject.doAs(Subject.java:422)
	at org.apache.hadoop.security.UserGroupInformation.doAs(UserGroupInformation.java:1628)
	at org.apache.hadoop.mapred.JobClient.submitJobInternal(JobClient.java:557)
	at org.apache.hadoop.mapred.JobClient.submitJob(JobClient.java:548)
	at org.apache.hadoop.mapred.JobClient.runJob(JobClient.java:833)
	at Join.JoinDriver.run(JoinDriver.java:53)
	at org.apache.hadoop.util.ToolRunner.run(ToolRunner.java:70)
	at org.apache.hadoop.util.ToolRunner.run(ToolRunner.java:84)
	at Join.JoinDriver.main(JoinDriver.java:60)
	at sun.reflect.NativeMethodAccessorImpl.invoke0(Native Method)
	at sun.reflect.NativeMethodAccessorImpl.invoke(NativeMethodAccessorImpl.java:62)
	at sun.reflect.DelegatingMethodAccessorImpl.invoke(DelegatingMethodAccessorImpl.java:43)
	at java.lang.reflect.Method.invoke(Method.java:498)
	at org.apache.hadoop.util.RunJar.run(RunJar.java:221)
	at org.apache.hadoop.util.RunJar.main(RunJar.java:136)
hduser@ubuntu:~$ hadoop jar /home/hduser/Desktop/Join.jar /posts /users /outputjoin
21/06/13 16:54:43 WARN util.NativeCodeLoader: Unable to load native-hadoop library for your platform... using builtin-java classes where applicable
21/06/13 16:54:44 INFO Configuration.deprecation: session.id is deprecated. Instead, use dfs.metrics.session-id
21/06/13 16:54:44 INFO jvm.JvmMetrics: Initializing JVM Metrics with processName=JobTracker, sessionId=
21/06/13 16:54:44 INFO jvm.JvmMetrics: Cannot initialize JVM Metrics with processName=JobTracker, sessionId= - already initialized
21/06/13 16:54:44 INFO mapred.FileInputFormat: Total input paths to process : 1
21/06/13 16:54:44 INFO mapred.FileInputFormat: Total input paths to process : 1
21/06/13 16:54:44 INFO mapreduce.JobSubmitter: number of splits:2
21/06/13 16:54:44 INFO mapreduce.JobSubmitter: Submitting tokens for job: job_local2143097604_0001
21/06/13 16:54:45 INFO mapreduce.Job: The url to track the job: http://localhost:8080/
21/06/13 16:54:45 INFO mapred.LocalJobRunner: OutputCommitter set in config null
21/06/13 16:54:45 INFO mapreduce.Job: Running job: job_local2143097604_0001
21/06/13 16:54:45 INFO mapred.LocalJobRunner: OutputCommitter is org.apache.hadoop.mapred.FileOutputCommitter
21/06/13 16:54:45 INFO mapred.LocalJobRunner: Waiting for map tasks
21/06/13 16:54:45 INFO mapred.LocalJobRunner: Starting task: attempt_local2143097604_0001_m_000000_0
21/06/13 16:54:45 INFO mapred.Task:  Using ResourceCalculatorProcessTree : [ ]
21/06/13 16:54:45 INFO mapred.MapTask: Processing split: hdfs://localhost:54310/posts/sampleposts.tsv:0+1102
21/06/13 16:54:45 INFO mapred.MapTask: numReduceTasks: 1
21/06/13 16:54:45 INFO mapred.MapTask: (EQUATOR) 0 kvi 26214396(104857584)
21/06/13 16:54:45 INFO mapred.MapTask: mapreduce.task.io.sort.mb: 100
21/06/13 16:54:45 INFO mapred.MapTask: soft limit at 83886080
21/06/13 16:54:45 INFO mapred.MapTask: bufstart = 0; bufvoid = 104857600
21/06/13 16:54:45 INFO mapred.MapTask: kvstart = 26214396; length = 6553600
21/06/13 16:54:45 INFO mapred.MapTask: Map output collector class = org.apache.hadoop.mapred.MapTask$MapOutputBuffer
21/06/13 16:54:45 INFO mapred.LocalJobRunner: 
21/06/13 16:54:45 INFO mapred.MapTask: Starting flush of map output
21/06/13 16:54:45 INFO mapred.MapTask: Spilling map output
21/06/13 16:54:45 INFO mapred.MapTask: bufstart = 0; bufend = 54; bufvoid = 104857600
21/06/13 16:54:45 INFO mapred.MapTask: kvstart = 26214396(104857584); kvend = 26214388(104857552); length = 9/6553600
21/06/13 16:54:46 INFO mapreduce.Job: Job job_local2143097604_0001 running in uber mode : false
21/06/13 16:54:46 INFO mapreduce.Job:  map 0% reduce 0%
21/06/13 16:54:46 INFO mapred.MapTask: Finished spill 0
21/06/13 16:54:46 INFO mapred.Task: Task:attempt_local2143097604_0001_m_000000_0 is done. And is in the process of committing
21/06/13 16:54:46 INFO mapred.LocalJobRunner: hdfs://localhost:54310/posts/sampleposts.tsv:0+1102
21/06/13 16:54:46 INFO mapred.Task: Task 'attempt_local2143097604_0001_m_000000_0' done.
21/06/13 16:54:46 INFO mapred.LocalJobRunner: Finishing task: attempt_local2143097604_0001_m_000000_0
21/06/13 16:54:46 INFO mapred.LocalJobRunner: Starting task: attempt_local2143097604_0001_m_000001_0
21/06/13 16:54:46 INFO mapred.Task:  Using ResourceCalculatorProcessTree : [ ]
21/06/13 16:54:46 INFO mapred.MapTask: Processing split: hdfs://localhost:54310/users/sampleusers.tsv:0+128
21/06/13 16:54:46 INFO mapred.MapTask: numReduceTasks: 1
21/06/13 16:54:46 INFO mapred.MapTask: (EQUATOR) 0 kvi 26214396(104857584)
21/06/13 16:54:46 INFO mapred.MapTask: mapreduce.task.io.sort.mb: 100
21/06/13 16:54:46 INFO mapred.MapTask: soft limit at 83886080
21/06/13 16:54:46 INFO mapred.MapTask: bufstart = 0; bufvoid = 104857600
21/06/13 16:54:46 INFO mapred.MapTask: kvstart = 26214396; length = 6553600
21/06/13 16:54:46 INFO mapred.MapTask: Map output collector class = org.apache.hadoop.mapred.MapTask$MapOutputBuffer
21/06/13 16:54:46 INFO mapred.LocalJobRunner: 
21/06/13 16:54:46 INFO mapred.MapTask: Starting flush of map output
21/06/13 16:54:46 INFO mapred.MapTask: Spilling map output
21/06/13 16:54:46 INFO mapred.MapTask: bufstart = 0; bufend = 81; bufvoid = 104857600
21/06/13 16:54:46 INFO mapred.MapTask: kvstart = 26214396(104857584); kvend = 26214384(104857536); length = 13/6553600
21/06/13 16:54:46 INFO mapred.MapTask: Finished spill 0
21/06/13 16:54:46 INFO mapred.Task: Task:attempt_local2143097604_0001_m_000001_0 is done. And is in the process of committing
21/06/13 16:54:46 INFO mapred.LocalJobRunner: hdfs://localhost:54310/users/sampleusers.tsv:0+128
21/06/13 16:54:46 INFO mapred.Task: Task 'attempt_local2143097604_0001_m_000001_0' done.
21/06/13 16:54:46 INFO mapred.LocalJobRunner: Finishing task: attempt_local2143097604_0001_m_000001_0
21/06/13 16:54:46 INFO mapred.LocalJobRunner: map task executor complete.
21/06/13 16:54:46 INFO mapred.LocalJobRunner: Waiting for reduce tasks
21/06/13 16:54:46 INFO mapred.LocalJobRunner: Starting task: attempt_local2143097604_0001_r_000000_0
21/06/13 16:54:46 INFO mapred.Task:  Using ResourceCalculatorProcessTree : [ ]
21/06/13 16:54:46 INFO mapred.ReduceTask: Using ShuffleConsumerPlugin: org.apache.hadoop.mapreduce.task.reduce.Shuffle@67c13943
21/06/13 16:54:46 INFO reduce.MergeManagerImpl: MergerManager: memoryLimit=334338464, maxSingleShuffleLimit=83584616, mergeThreshold=220663392, ioSortFactor=10, memToMemMergeOutputsThreshold=10
21/06/13 16:54:46 INFO reduce.EventFetcher: attempt_local2143097604_0001_r_000000_0 Thread started: EventFetcher for fetching Map Completion Events
21/06/13 16:54:46 INFO reduce.LocalFetcher: localfetcher#1 about to shuffle output of map attempt_local2143097604_0001_m_000001_0 decomp: 91 len: 95 to MEMORY
21/06/13 16:54:46 INFO reduce.InMemoryMapOutput: Read 91 bytes from map-output for attempt_local2143097604_0001_m_000001_0
21/06/13 16:54:46 INFO reduce.MergeManagerImpl: closeInMemoryFile -> map-output of size: 91, inMemoryMapOutputs.size() -> 1, commitMemory -> 0, usedMemory ->91
21/06/13 16:54:46 INFO reduce.LocalFetcher: localfetcher#1 about to shuffle output of map attempt_local2143097604_0001_m_000000_0 decomp: 62 len: 66 to MEMORY
21/06/13 16:54:46 INFO reduce.InMemoryMapOutput: Read 62 bytes from map-output for attempt_local2143097604_0001_m_000000_0
21/06/13 16:54:46 INFO reduce.MergeManagerImpl: closeInMemoryFile -> map-output of size: 62, inMemoryMapOutputs.size() -> 2, commitMemory -> 91, usedMemory ->153
21/06/13 16:54:46 INFO reduce.EventFetcher: EventFetcher is interrupted.. Returning
21/06/13 16:54:46 INFO mapred.LocalJobRunner: 2 / 2 copied.
21/06/13 16:54:46 INFO reduce.MergeManagerImpl: finalMerge called with 2 in-memory map-outputs and 0 on-disk map-outputs
21/06/13 16:54:46 INFO mapred.Merger: Merging 2 sorted segments
21/06/13 16:54:46 INFO mapred.Merger: Down to the last merge-pass, with 2 segments left of total size: 121 bytes
21/06/13 16:54:46 INFO reduce.MergeManagerImpl: Merged 2 segments, 153 bytes to disk to satisfy reduce memory limit
21/06/13 16:54:46 INFO reduce.MergeManagerImpl: Merging 1 files, 155 bytes from disk
21/06/13 16:54:46 INFO reduce.MergeManagerImpl: Merging 0 segments, 0 bytes from memory into reduce
21/06/13 16:54:46 INFO mapred.Merger: Merging 1 sorted segments
21/06/13 16:54:46 INFO mapred.Merger: Down to the last merge-pass, with 1 segments left of total size: 135 bytes
21/06/13 16:54:46 INFO mapred.LocalJobRunner: 2 / 2 copied.
21/06/13 16:54:46 INFO mapred.Task: Task:attempt_local2143097604_0001_r_000000_0 is done. And is in the process of committing
21/06/13 16:54:46 INFO mapred.LocalJobRunner: 2 / 2 copied.
21/06/13 16:54:46 INFO mapred.Task: Task attempt_local2143097604_0001_r_000000_0 is allowed to commit now
21/06/13 16:54:46 INFO output.FileOutputCommitter: Saved output of task 'attempt_local2143097604_0001_r_000000_0' to hdfs://localhost:54310/outputjoin/_temporary/0/task_local2143097604_0001_r_000000
21/06/13 16:54:46 INFO mapred.LocalJobRunner: reduce > reduce
21/06/13 16:54:46 INFO mapred.Task: Task 'attempt_local2143097604_0001_r_000000_0' done.
21/06/13 16:54:46 INFO mapred.LocalJobRunner: Finishing task: attempt_local2143097604_0001_r_000000_0
21/06/13 16:54:46 INFO mapred.LocalJobRunner: reduce task executor complete.
21/06/13 16:54:47 INFO mapreduce.Job:  map 100% reduce 100%
21/06/13 16:54:47 INFO mapreduce.Job: Job job_local2143097604_0001 completed successfully
21/06/13 16:54:47 INFO mapreduce.Job: Counters: 38
	File System Counters
		FILE: Number of bytes read=32649
		FILE: Number of bytes written=788149
		FILE: Number of read operations=0
		FILE: Number of large read operations=0
		FILE: Number of write operations=0
		HDFS: Number of bytes read=3562
		HDFS: Number of bytes written=71
		HDFS: Number of read operations=34
		HDFS: Number of large read operations=0
		HDFS: Number of write operations=5
	Map-Reduce Framework
		Map input records=7
		Map output records=7
		Map output bytes=135
		Map output materialized bytes=161
		Input split bytes=388
		Combine input records=0
		Combine output records=0
		Reduce input groups=4
		Reduce shuffle bytes=161
		Reduce input records=7
		Reduce output records=3
		Spilled Records=14
		Shuffled Maps =2
		Failed Shuffles=0
		Merged Map outputs=2
		GC time elapsed (ms)=2
		CPU time spent (ms)=0
		Physical memory (bytes) snapshot=0
		Virtual memory (bytes) snapshot=0
		Total committed heap usage (bytes)=646447104
	Shuffle Errors
		BAD_ID=0
		CONNECTION=0
		IO_ERROR=0
		WRONG_LENGTH=0
		WRONG_MAP=0
		WRONG_REDUCE=0
	File Input Format Counters 
		Bytes Read=0
	File Output Format Counters 
		Bytes Written=71
hduser@ubuntu:~$ hdfs dfs -cat /outputjoin/*
21/06/13 16:55:15 WARN util.NativeCodeLoader: Unable to load native-hadoop library for your platform... using builtin-java classes where applicable
"100005361"	"2"		"36134"
"100018705"	"2"		"76"
"100022094"	"0"		"6354"

